// Jest Snapshot v1, https://goo.gl/fbAQLP

exports[`Testing TODOS component returns an error for a valid code 1`] = `
VueWrapper {
  "_emitted": Object {},
  "_emittedByOrder": Array [],
  "isFunctionalComponent": undefined,
}
`;
